{
  message: 'mongodb database connected',
  level: 'info',
  label: 'Info Message',
  timestamp: '2024-07-07T10:26:11.975Z'
}
{
  message: 'Server is listening at http://localhost:5000',
  level: 'info',
  label: 'Info Message',
  timestamp: '2024-07-07T10:26:12.003Z'
}
{
  message: 'mongodb database connected',
  level: 'info',
  label: 'Info Message',
  timestamp: '2024-07-07T10:33:49.297Z'
}
{
  message: 'Server is listening at http://localhost:5000',
  level: 'info',
  label: 'Info Message',
  timestamp: '2024-07-07T10:33:49.304Z'
}
{
  message: 'mongodb database connected',
  level: 'info',
  label: 'Info Message',
  timestamp: '2024-07-07T10:33:59.002Z'
}
{
  message: 'Server is listening at http://localhost:5000',
  level: 'info',
  label: 'Info Message',
  timestamp: '2024-07-07T10:33:59.009Z'
}
{
  message: 'mongodb database connected',
  level: 'info',
  label: 'Info Message',
  timestamp: '2024-07-07T10:37:24.076Z'
}
{
  message: 'Server is listening at http://localhost:5000',
  level: 'info',
  label: 'Info Message',
  timestamp: '2024-07-07T10:37:24.085Z'
}
{
  message: 'mongodb database connected',
  level: 'info',
  label: 'Info Message',
  timestamp: '2024-07-07T10:39:35.988Z'
}
{
  message: 'Server is listening at http://localhost:5000',
  level: 'info',
  label: 'Info Message',
  timestamp: '2024-07-07T10:39:36.018Z'
}
{
  message: 'mongodb database connected',
  level: 'info',
  label: 'Info Message',
  timestamp: '2024-07-07T10:45:25.494Z'
}
{
  message: 'Server is listening at http://localhost:5000',
  level: 'info',
  label: 'Info Message',
  timestamp: '2024-07-07T10:45:25.510Z'
}
{
  message: 'mongodb database connected',
  level: 'info',
  label: 'Info Message',
  timestamp: '2024-07-07T10:46:01.457Z'
}
{
  message: 'Server is listening at http://localhost:5000',
  level: 'info',
  label: 'Info Message',
  timestamp: '2024-07-07T10:46:01.473Z'
}
{
  message: 'mongodb database connected',
  level: 'info',
  label: 'Info Message',
  timestamp: '2024-07-07T10:48:32.306Z'
}
{
  message: 'Server is listening at http://localhost:5000',
  level: 'info',
  label: 'Info Message',
  timestamp: '2024-07-07T10:48:32.324Z'
}
{
  message: 'mongodb database connected',
  level: 'info',
  label: 'Info Message',
  timestamp: '2024-07-07T10:49:41.617Z'
}
{
  message: 'Server is listening at http://localhost:5000',
  level: 'info',
  label: 'Info Message',
  timestamp: '2024-07-07T10:49:41.636Z'
}
{
  message: 'mongodb database connected',
  level: 'info',
  label: 'Info Message',
  timestamp: '2024-07-07T10:52:42.061Z'
}
{
  message: 'Server is listening at http://localhost:5000',
  level: 'info',
  label: 'Info Message',
  timestamp: '2024-07-07T10:52:42.083Z'
}
{
  message: 'mongodb database connected',
  level: 'info',
  label: 'Info Message',
  timestamp: '2024-07-07T10:52:59.904Z'
}
{
  message: 'Server is listening at http://localhost:5000',
  level: 'info',
  label: 'Info Message',
  timestamp: '2024-07-07T10:52:59.933Z'
}
{
  message: 'mongodb database connected',
  level: 'info',
  label: 'Info Message',
  timestamp: '2024-07-07T10:54:55.715Z'
}
{
  message: 'Server is listening at http://localhost:5000',
  level: 'info',
  label: 'Info Message',
  timestamp: '2024-07-07T10:54:55.739Z'
}
{
  message: 'mongodb database connected',
  level: 'info',
  label: 'Info Message',
  timestamp: '2024-07-07T10:55:17.590Z'
}
{
  message: 'Server is listening at http://localhost:5000',
  level: 'info',
  label: 'Info Message',
  timestamp: '2024-07-07T10:55:17.604Z'
}
{
  message: 'mongodb database connected',
  level: 'info',
  label: 'Info Message',
  timestamp: '2024-07-07T10:56:54.562Z'
}
{
  message: 'Server is listening at http://localhost:5000',
  level: 'info',
  label: 'Info Message',
  timestamp: '2024-07-07T10:56:54.580Z'
}
{
  message: 'mongodb database connected',
  level: 'info',
  label: 'Info Message',
  timestamp: '2024-07-07T10:57:51.395Z'
}
{
  message: 'Server is listening at http://localhost:5000',
  level: 'info',
  label: 'Info Message',
  timestamp: '2024-07-07T10:57:51.416Z'
}
{
  message: 'mongodb database connected',
  level: 'info',
  label: 'Info Message',
  timestamp: '2024-07-07T10:58:12.765Z'
}
{
  message: 'Server is listening at http://localhost:5000',
  level: 'info',
  label: 'Info Message',
  timestamp: '2024-07-07T10:58:12.780Z'
}
