{
  message: 'mongodb database connected',
  level: 'info',
  label: 'Info Message',
  timestamp: '2024-07-07T11:09:30.293Z'
}
{
  message: 'Server is listening at http://localhost:5000',
  level: 'info',
  label: 'Info Message',
  timestamp: '2024-07-07T11:09:30.308Z'
}
{
  message: 'mongodb database connected',
  level: 'info',
  label: 'Info Message',
  timestamp: '2024-07-07T11:09:38.964Z'
}
{
  message: 'Server is listening at http://localhost:5000',
  level: 'info',
  label: 'Info Message',
  timestamp: '2024-07-07T11:09:38.972Z'
}
{
  message: 'mongodb database connected',
  level: 'info',
  label: 'Info Message',
  timestamp: '2024-07-07T11:11:57.111Z'
}
{
  message: 'Server is listening at http://localhost:5000',
  level: 'info',
  label: 'Info Message',
  timestamp: '2024-07-07T11:11:57.135Z'
}
{
  message: 'mongodb database connected',
  level: 'info',
  label: 'Info Message',
  timestamp: '2024-07-07T11:12:52.415Z'
}
{
  message: 'Server is listening at http://localhost:5000',
  level: 'info',
  label: 'Info Message',
  timestamp: '2024-07-07T11:12:52.437Z'
}
{
  message: 'mongodb database connected',
  level: 'info',
  label: 'Info Message',
  timestamp: '2024-07-07T11:13:34.822Z'
}
{
  message: 'Server is listening at http://localhost:5000',
  level: 'info',
  label: 'Info Message',
  timestamp: '2024-07-07T11:13:34.843Z'
}
{
  message: 'mongodb database connected',
  level: 'info',
  label: 'Info Message',
  timestamp: '2024-07-07T11:13:51.302Z'
}
{
  message: 'Server is listening at http://localhost:5000',
  level: 'info',
  label: 'Info Message',
  timestamp: '2024-07-07T11:13:51.314Z'
}
{
  message: 'mongodb database connected',
  level: 'info',
  label: 'Info Message',
  timestamp: '2024-07-07T11:15:37.240Z'
}
{
  message: 'Server is listening at http://localhost:5000',
  level: 'info',
  label: 'Info Message',
  timestamp: '2024-07-07T11:15:37.248Z'
}
{
  message: 'mongodb database connected',
  level: 'info',
  label: 'Info Message',
  timestamp: '2024-07-07T11:16:40.283Z'
}
{
  message: 'Server is listening at http://localhost:5000',
  level: 'info',
  label: 'Info Message',
  timestamp: '2024-07-07T11:16:40.291Z'
}
{
  message: 'mongodb database connected',
  level: 'info',
  label: 'Info Message',
  timestamp: '2024-07-07T11:18:16.260Z'
}
{
  message: 'Server is listening at http://localhost:5000',
  level: 'info',
  label: 'Info Message',
  timestamp: '2024-07-07T11:18:16.281Z'
}
{
  message: 'mongodb database connected',
  level: 'info',
  label: 'Info Message',
  timestamp: '2024-07-07T11:18:33.959Z'
}
{
  message: 'Server is listening at http://localhost:5000',
  level: 'info',
  label: 'Info Message',
  timestamp: '2024-07-07T11:18:33.969Z'
}
{
  message: 'mongodb database connected',
  level: 'info',
  label: 'Info Message',
  timestamp: '2024-07-07T11:20:40.885Z'
}
{
  message: 'Server is listening at http://localhost:5000',
  level: 'info',
  label: 'Info Message',
  timestamp: '2024-07-07T11:20:40.892Z'
}
{
  message: 'mongodb database connected',
  level: 'info',
  label: 'Info Message',
  timestamp: '2024-07-07T11:25:39.138Z'
}
{
  message: 'Server is listening at http://localhost:5000',
  level: 'info',
  label: 'Info Message',
  timestamp: '2024-07-07T11:25:39.159Z'
}
{
  message: 'mongodb database connected',
  level: 'info',
  label: 'Info Message',
  timestamp: '2024-07-07T11:29:58.311Z'
}
{
  message: 'Server is listening at http://localhost:5000',
  level: 'info',
  label: 'Info Message',
  timestamp: '2024-07-07T11:29:58.333Z'
}
{
  message: 'mongodb database connected',
  level: 'info',
  label: 'Info Message',
  timestamp: '2024-07-07T11:30:41.129Z'
}
{
  message: 'Server is listening at http://localhost:5000',
  level: 'info',
  label: 'Info Message',
  timestamp: '2024-07-07T11:30:41.137Z'
}
{
  message: 'mongodb database connected',
  level: 'info',
  label: 'Info Message',
  timestamp: '2024-07-07T11:55:32.834Z'
}
{
  message: 'Server is listening at http://localhost:5000',
  level: 'info',
  label: 'Info Message',
  timestamp: '2024-07-07T11:55:32.849Z'
}
